Archive member included to satisfy reference by file (symbol)

c:/st/stm32cubeide_1.10.1/stm32cubeide/plugins/com.st.stm32cube.ide.mcu.externaltools.gnu-tools-for-stm32.10.3-2021.10.win32_1.0.0.202111181127/tools/bin/../lib/gcc/arm-none-eabi/10.3.1/../../../../arm-none-eabi/lib/thumb/v7e-m+fp/hard\libc_nano.a(lib_a-errno.o)
                              ./Core/Src/syscalls.o (__errno)
c:/st/stm32cubeide_1.10.1/stm32cubeide/plugins/com.st.stm32cube.ide.mcu.externaltools.gnu-tools-for-stm32.10.3-2021.10.win32_1.0.0.202111181127/tools/bin/../lib/gcc/arm-none-eabi/10.3.1/../../../../arm-none-eabi/lib/thumb/v7e-m+fp/hard\libc_nano.a(lib_a-exit.o)
                              c:/st/stm32cubeide_1.10.1/stm32cubeide/plugins/com.st.stm32cube.ide.mcu.externaltools.gnu-tools-for-stm32.10.3-2021.10.win32_1.0.0.202111181127/tools/bin/../lib/gcc/arm-none-eabi/10.3.1/../../../../arm-none-eabi/lib/thumb/v7e-m+fp/hard/crt0.o (exit)
c:/st/stm32cubeide_1.10.1/stm32cubeide/plugins/com.st.stm32cube.ide.mcu.externaltools.gnu-tools-for-stm32.10.3-2021.10.win32_1.0.0.202111181127/tools/bin/../lib/gcc/arm-none-eabi/10.3.1/../../../../arm-none-eabi/lib/thumb/v7e-m+fp/hard\libc_nano.a(lib_a-impure.o)
                              c:/st/stm32cubeide_1.10.1/stm32cubeide/plugins/com.st.stm32cube.ide.mcu.externaltools.gnu-tools-for-stm32.10.3-2021.10.win32_1.0.0.202111181127/tools/bin/../lib/gcc/arm-none-eabi/10.3.1/../../../../arm-none-eabi/lib/thumb/v7e-m+fp/hard\libc_nano.a(lib_a-exit.o) (_global_impure_ptr)
c:/st/stm32cubeide_1.10.1/stm32cubeide/plugins/com.st.stm32cube.ide.mcu.externaltools.gnu-tools-for-stm32.10.3-2021.10.win32_1.0.0.202111181127/tools/bin/../lib/gcc/arm-none-eabi/10.3.1/../../../../arm-none-eabi/lib/thumb/v7e-m+fp/hard\libc_nano.a(lib_a-init.o)
                              c:/st/stm32cubeide_1.10.1/stm32cubeide/plugins/com.st.stm32cube.ide.mcu.externaltools.gnu-tools-for-stm32.10.3-2021.10.win32_1.0.0.202111181127/tools/bin/../lib/gcc/arm-none-eabi/10.3.1/../../../../arm-none-eabi/lib/thumb/v7e-m+fp/hard/crt0.o (__libc_init_array)
c:/st/stm32cubeide_1.10.1/stm32cubeide/plugins/com.st.stm32cube.ide.mcu.externaltools.gnu-tools-for-stm32.10.3-2021.10.win32_1.0.0.202111181127/tools/bin/../lib/gcc/arm-none-eabi/10.3.1/../../../../arm-none-eabi/lib/thumb/v7e-m+fp/hard\libc_nano.a(lib_a-memset.o)
                              c:/st/stm32cubeide_1.10.1/stm32cubeide/plugins/com.st.stm32cube.ide.mcu.externaltools.gnu-tools-for-stm32.10.3-2021.10.win32_1.0.0.202111181127/tools/bin/../lib/gcc/arm-none-eabi/10.3.1/../../../../arm-none-eabi/lib/thumb/v7e-m+fp/hard/crt0.o (memset)

Discarded input sections

 .text          0x0000000000000000        0x0 c:/st/stm32cubeide_1.10.1/stm32cubeide/plugins/com.st.stm32cube.ide.mcu.externaltools.gnu-tools-for-stm32.10.3-2021.10.win32_1.0.0.202111181127/tools/bin/../lib/gcc/arm-none-eabi/10.3.1/thumb/v7e-m+fp/hard/crti.o
 .data          0x0000000000000000        0x0 c:/st/stm32cubeide_1.10.1/stm32cubeide/plugins/com.st.stm32cube.ide.mcu.externaltools.gnu-tools-for-stm32.10.3-2021.10.win32_1.0.0.202111181127/tools/bin/../lib/gcc/arm-none-eabi/10.3.1/thumb/v7e-m+fp/hard/crti.o
 .bss           0x0000000000000000        0x0 c:/st/stm32cubeide_1.10.1/stm32cubeide/plugins/com.st.stm32cube.ide.mcu.externaltools.gnu-tools-for-stm32.10.3-2021.10.win32_1.0.0.202111181127/tools/bin/../lib/gcc/arm-none-eabi/10.3.1/thumb/v7e-m+fp/hard/crti.o
 .data          0x0000000000000000        0x4 c:/st/stm32cubeide_1.10.1/stm32cubeide/plugins/com.st.stm32cube.ide.mcu.externaltools.gnu-tools-for-stm32.10.3-2021.10.win32_1.0.0.202111181127/tools/bin/../lib/gcc/arm-none-eabi/10.3.1/thumb/v7e-m+fp/hard/crtbegin.o
 .rodata        0x0000000000000000       0x24 c:/st/stm32cubeide_1.10.1/stm32cubeide/plugins/com.st.stm32cube.ide.mcu.externaltools.gnu-tools-for-stm32.10.3-2021.10.win32_1.0.0.202111181127/tools/bin/../lib/gcc/arm-none-eabi/10.3.1/thumb/v7e-m+fp/hard/crtbegin.o
 .text          0x0000000000000000       0x7c c:/st/stm32cubeide_1.10.1/stm32cubeide/plugins/com.st.stm32cube.ide.mcu.externaltools.gnu-tools-for-stm32.10.3-2021.10.win32_1.0.0.202111181127/tools/bin/../lib/gcc/arm-none-eabi/10.3.1/../../../../arm-none-eabi/lib/thumb/v7e-m+fp/hard/crt0.o
 .data          0x0000000000000000        0x0 c:/st/stm32cubeide_1.10.1/stm32cubeide/plugins/com.st.stm32cube.ide.mcu.externaltools.gnu-tools-for-stm32.10.3-2021.10.win32_1.0.0.202111181127/tools/bin/../lib/gcc/arm-none-eabi/10.3.1/../../../../arm-none-eabi/lib/thumb/v7e-m+fp/hard/crt0.o
 .bss           0x0000000000000000        0x0 c:/st/stm32cubeide_1.10.1/stm32cubeide/plugins/com.st.stm32cube.ide.mcu.externaltools.gnu-tools-for-stm32.10.3-2021.10.win32_1.0.0.202111181127/tools/bin/../lib/gcc/arm-none-eabi/10.3.1/../../../../arm-none-eabi/lib/thumb/v7e-m+fp/hard/crt0.o
[...]
Memory Configuration

Name             Origin             Length             Attributes
RAM              0x0000000020000000 0x0000000000010000 xrw
RAM2             0x0000000010000000 0x0000000000004000 xrw
FLASH            0x0000000008000000 0x0000000000040000 xr
*default*        0x0000000000000000 0xffffffffffffffff

Linker script and memory map

LOAD c:/st/stm32cubeide_1.10.1/stm32cubeide/plugins/com.st.stm32cube.ide.mcu.externaltools.gnu-tools-for-stm32.10.3-2021.10.win32_1.0.0.202111181127/tools/bin/../lib/gcc/arm-none-eabi/10.3.1/thumb/v7e-m+fp/hard/crti.o
LOAD c:/st/stm32cubeide_1.10.1/stm32cubeide/plugins/com.st.stm32cube.ide.mcu.externaltools.gnu-tools-for-stm32.10.3-2021.10.win32_1.0.0.202111181127/tools/bin/../lib/gcc/arm-none-eabi/10.3.1/thumb/v7e-m+fp/hard/crtbegin.o
LOAD c:/st/stm32cubeide_1.10.1/stm32cubeide/plugins/com.st.stm32cube.ide.mcu.externaltools.gnu-tools-for-stm32.10.3-2021.10.win32_1.0.0.202111181127/tools/bin/../lib/gcc/arm-none-eabi/10.3.1/../../../../arm-none-eabi/lib/thumb/v7e-m+fp/hard/crt0.o
LOAD ./Core/Src/BQ24295.o
LOAD ./Core/Src/BQ25895M.o
LOAD ./Core/Src/LM49450.o
LOAD ./Core/Src/PID.o
LOAD ./Core/Src/main.o
LOAD ./Core/Src/max17048.o
LOAD ./Core/Src/stm32l4xx_hal_msp.o
LOAD ./Core/Src/stm32l4xx_it.o
LOAD ./Core/Src/syscalls.o
LOAD ./Core/Src/sysmem.o
LOAD ./Core/Src/system_stm32l4xx.o
LOAD ./Core/Startup/startup_stm32l431rctx.o
LOAD ./Drivers/STM32L4xx_HAL_Driver/Src/stm32l4xx_hal.o
LOAD ./Drivers/STM32L4xx_HAL_Driver/Src/stm32l4xx_hal_cortex.o
LOAD ./Drivers/STM32L4xx_HAL_Driver/Src/stm32l4xx_hal_dma.o
LOAD ./Drivers/STM32L4xx_HAL_Driver/Src/stm32l4xx_hal_dma_ex.o
LOAD ./Drivers/STM32L4xx_HAL_Driver/Src/stm32l4xx_hal_exti.o
LOAD ./Drivers/STM32L4xx_HAL_Driver/Src/stm32l4xx_hal_flash.o
LOAD ./Drivers/STM32L4xx_HAL_Driver/Src/stm32l4xx_hal_flash_ex.o
LOAD ./Drivers/STM32L4xx_HAL_Driver/Src/stm32l4xx_hal_flash_ramfunc.o
LOAD ./Drivers/STM32L4xx_HAL_Driver/Src/stm32l4xx_hal_gpio.o
LOAD ./Drivers/STM32L4xx_HAL_Driver/Src/stm32l4xx_hal_i2c.o
LOAD ./Drivers/STM32L4xx_HAL_Driver/Src/stm32l4xx_hal_i2c_ex.o
LOAD ./Drivers/STM32L4xx_HAL_Driver/Src/stm32l4xx_hal_pwr.o
LOAD ./Drivers/STM32L4xx_HAL_Driver/Src/stm32l4xx_hal_pwr_ex.o
LOAD ./Drivers/STM32L4xx_HAL_Driver/Src/stm32l4xx_hal_rcc.o
LOAD ./Drivers/STM32L4xx_HAL_Driver/Src/stm32l4xx_hal_rcc_ex.o
LOAD ./Drivers/STM32L4xx_HAL_Driver/Src/stm32l4xx_hal_tim.o
LOAD ./Drivers/STM32L4xx_HAL_Driver/Src/stm32l4xx_hal_tim_ex.o
START GROUP
LOAD c:/st/stm32cubeide_1.10.1/stm32cubeide/plugins/com.st.stm32cube.ide.mcu.externaltools.gnu-tools-for-stm32.10.3-2021.10.win32_1.0.0.202111181127/tools/bin/../lib/gcc/arm-none-eabi/10.3.1/../../../../arm-none-eabi/lib/thumb/v7e-m+fp/hard\libc_nano.a
LOAD c:/st/stm32cubeide_1.10.1/stm32cubeide/plugins/com.st.stm32cube.ide.mcu.externaltools.gnu-tools-for-stm32.10.3-2021.10.win32_1.0.0.202111181127/tools/bin/../lib/gcc/arm-none-eabi/10.3.1/../../../../arm-none-eabi/lib/thumb/v7e-m+fp/hard\libm.a
END GROUP
START GROUP
LOAD c:/st/stm32cubeide_1.10.1/stm32cubeide/plugins/com.st.stm32cube.ide.mcu.externaltools.gnu-tools-for-stm32.10.3-2021.10.win32_1.0.0.202111181127/tools/bin/../lib/gcc/arm-none-eabi/10.3.1/thumb/v7e-m+fp/hard\libgcc.a
LOAD c:/st/stm32cubeide_1.10.1/stm32cubeide/plugins/com.st.stm32cube.ide.mcu.externaltools.gnu-tools-for-stm32.10.3-2021.10.win32_1.0.0.202111181127/tools/bin/../lib/gcc/arm-none-eabi/10.3.1/../../../../arm-none-eabi/lib/thumb/v7e-m+fp/hard\libc_nano.a
END GROUP
START GROUP
LOAD c:/st/stm32cubeide_1.10.1/stm32cubeide/plugins/com.st.stm32cube.ide.mcu.externaltools.gnu-tools-for-stm32.10.3-2021.10.win32_1.0.0.202111181127/tools/bin/../lib/gcc/arm-none-eabi/10.3.1/thumb/v7e-m+fp/hard\libgcc.a
LOAD c:/st/stm32cubeide_1.10.1/stm32cubeide/plugins/com.st.stm32cube.ide.mcu.externaltools.gnu-tools-for-stm32.10.3-2021.10.win32_1.0.0.202111181127/tools/bin/../lib/gcc/arm-none-eabi/10.3.1/../../../../arm-none-eabi/lib/thumb/v7e-m+fp/hard\libc_nano.a
LOAD c:/st/stm32cubeide_1.10.1/stm32cubeide/plugins/com.st.stm32cube.ide.mcu.externaltools.gnu-tools-for-stm32.10.3-2021.10.win32_1.0.0.202111181127/tools/bin/../lib/gcc/arm-none-eabi/10.3.1/../../../../arm-none-eabi/lib/thumb/v7e-m+fp/hard\libnosys.a
END GROUP
START GROUP
LOAD c:/st/stm32cubeide_1.10.1/stm32cubeide/plugins/com.st.stm32cube.ide.mcu.externaltools.gnu-tools-for-stm32.10.3-2021.10.win32_1.0.0.202111181127/tools/bin/../lib/gcc/arm-none-eabi/10.3.1/thumb/v7e-m+fp/hard\libgcc.a
LOAD c:/st/stm32cubeide_1.10.1/stm32cubeide/plugins/com.st.stm32cube.ide.mcu.externaltools.gnu-tools-for-stm32.10.3-2021.10.win32_1.0.0.202111181127/tools/bin/../lib/gcc/arm-none-eabi/10.3.1/../../../../arm-none-eabi/lib/thumb/v7e-m+fp/hard\libc_nano.a
LOAD c:/st/stm32cubeide_1.10.1/stm32cubeide/plugins/com.st.stm32cube.ide.mcu.externaltools.gnu-tools-for-stm32.10.3-2021.10.win32_1.0.0.202111181127/tools/bin/../lib/gcc/arm-none-eabi/10.3.1/../../../../arm-none-eabi/lib/thumb/v7e-m+fp/hard\libnosys.a
END GROUP
LOAD c:/st/stm32cubeide_1.10.1/stm32cubeide/plugins/com.st.stm32cube.ide.mcu.externaltools.gnu-tools-for-stm32.10.3-2021.10.win32_1.0.0.202111181127/tools/bin/../lib/gcc/arm-none-eabi/10.3.1/thumb/v7e-m+fp/hard/crtend.o
LOAD c:/st/stm32cubeide_1.10.1/stm32cubeide/plugins/com.st.stm32cube.ide.mcu.externaltools.gnu-tools-for-stm32.10.3-2021.10.win32_1.0.0.202111181127/tools/bin/../lib/gcc/arm-none-eabi/10.3.1/thumb/v7e-m+fp/hard/crtn.o
                0x0000000020010000                _estack = (ORIGIN (RAM) + LENGTH (RAM))
                0x0000000000000200                _Min_Heap_Size = 0x200
                0x0000000000000400                _Min_Stack_Size = 0x400

.isr_vector     0x0000000008000000      0x18c
                0x0000000008000000                . = ALIGN (0x4)
 *(.isr_vector)
 .isr_vector    0x0000000008000000      0x18c ./Core/Startup/startup_stm32l431rctx.o
                0x0000000008000000                g_pfnVectors
                0x000000000800018c                . = ALIGN (0x4)

.text           0x000000000800018c     0x2fd4
                0x000000000800018c                . = ALIGN (0x4)
 *(.text)
 .text          0x000000000800018c       0x40 c:/st/stm32cubeide_1.10.1/stm32cubeide/plugins/com.st.stm32cube.ide.mcu.externaltools.gnu-tools-for-stm32.10.3-2021.10.win32_1.0.0.202111181127/tools/bin/../lib/gcc/arm-none-eabi/10.3.1/thumb/v7e-m+fp/hard/crtbegin.o
 *(.text*)
 .text.BQ_Write
                0x00000000080001cc       0x48 ./Core/Src/BQ24295.o
                0x00000000080001cc                BQ_Write
 .text.BQ_Init  0x0000000008000214      0x164 ./Core/Src/BQ24295.o
                0x0000000008000214                BQ_Init
 .text.WakeUpFromSleepMode
                0x0000000008000378        0xc ./Core/Src/main.o
                0x0000000008000378                WakeUpFromSleepMode
 .text.HAL_GPIO_EXTI_Callback
                0x0000000008000384       0x28 ./Core/Src/main.o
                0x0000000008000384                HAL_GPIO_EXTI_Callback
 .text.MAX17048_Init
                0x00000000080003ac       0xac ./Core/Src/main.o
                0x00000000080003ac                MAX17048_Init
 .text.main     0x0000000008000458       0x3c ./Core/Src/main.o
                0x0000000008000458                main
 .text.SystemClock_Config
                0x0000000008000494       0x8c ./Core/Src/main.o
                0x0000000008000494                SystemClock_Config
 .text.MX_I2C1_Init
                0x0000000008000520       0x7c ./Core/Src/main.o
 .text.MX_GPIO_Init
                0x000000000800059c       0x64 ./Core/Src/main.o
 .text.Error_Handler
                0x0000000008000600        0xa ./Core/Src/main.o
                0x0000000008000600                Error_Handler
 .text.i2c_master_read_u16
                0x000000000800060a       0x42 ./Core/Src/max17048.o
                0x000000000800060a                i2c_master_read_u16
 .text.i2c_master_write_u16
                0x000000000800064c       0x42 ./Core/Src/max17048.o
                0x000000000800064c                i2c_master_write_u16
 .text.read_reg
                0x000000000800068e       0x50 ./Core/Src/max17048.o
 .text.write_reg
                0x00000000080006de       0x38 ./Core/Src/max17048.o
 .text.modify_reg
                0x0000000008000716       0x70 ./Core/Src/max17048.o
 .text.max17048_is_present
                0x0000000008000786       0x42 ./Core/Src/max17048.o
                0x0000000008000786                max17048_is_present
 .text.max17048_get_soc
                0x00000000080007c8       0x3e ./Core/Src/max17048.o
                0x00000000080007c8                max17048_get_soc
 .text.max17048_set_bat_low_soc
                0x0000000008000806       0x48 ./Core/Src/max17048.o
                0x0000000008000806                max17048_set_bat_low_soc
 *fill*         0x000000000800084e        0x2 
 .text.max17048_set_undervolted_voltage
                0x0000000008000850       0x40 ./Core/Src/max17048.o
                0x0000000008000850                max17048_set_undervolted_voltage
 .text.max17048_set_overvolted_voltage
                0x0000000008000890       0x38 ./Core/Src/max17048.o
                0x0000000008000890                max17048_set_overvolted_voltage
 .text.max17048_set_reset_voltage
                0x00000000080008c8       0x44 ./Core/Src/max17048.o
                0x00000000080008c8                max17048_set_reset_voltage
 .text.max17048_set_soc_change_alert
                0x000000000800090c       0x2e ./Core/Src/max17048.o
                0x000000000800090c                max17048_set_soc_change_alert
 .text.max17048_set_voltage_reset_alert
                0x000000000800093a       0x30 ./Core/Src/max17048.o
                0x000000000800093a                max17048_set_voltage_reset_alert
 .text.max17048_clear_alerts
                0x000000000800096a       0x44 ./Core/Src/max17048.o
                0x000000000800096a                max17048_clear_alerts
 *fill*         0x00000000080009ae        0x2 
 .text.HAL_MspInit
                0x00000000080009b0       0x48 ./Core/Src/stm32l4xx_hal_msp.o
                0x00000000080009b0                HAL_MspInit
 .text.HAL_I2C_MspInit
                0x00000000080009f8       0xb0 ./Core/Src/stm32l4xx_hal_msp.o
                0x00000000080009f8                HAL_I2C_MspInit
 .text.NMI_Handler
                0x0000000008000aa8        0x6 ./Core/Src/stm32l4xx_it.o
                0x0000000008000aa8                NMI_Handler
 .text.HardFault_Handler
                0x0000000008000aae        0x6 ./Core/Src/stm32l4xx_it.o
                0x0000000008000aae                HardFault_Handler
 .text.MemManage_Handler
                0x0000000008000ab4        0x6 ./Core/Src/stm32l4xx_it.o
                0x0000000008000ab4                MemManage_Handler
 .text.BusFault_Handler
                0x0000000008000aba        0x6 ./Core/Src/stm32l4xx_it.o
                0x0000000008000aba                BusFault_Handler
 .text.UsageFault_Handler
                0x0000000008000ac0        0x6 ./Core/Src/stm32l4xx_it.o
                0x0000000008000ac0                UsageFault_Handler
 .text.SVC_Handler
                0x0000000008000ac6        0xe ./Core/Src/stm32l4xx_it.o
                0x0000000008000ac6                SVC_Handler
 .text.DebugMon_Handler
                0x0000000008000ad4        0xe ./Core/Src/stm32l4xx_it.o
                0x0000000008000ad4                DebugMon_Handler
 .text.PendSV_Handler
                0x0000000008000ae2        0xe ./Core/Src/stm32l4xx_it.o
                0x0000000008000ae2                PendSV_Handler
 .text.SysTick_Handler
                0x0000000008000af0        0xc ./Core/Src/stm32l4xx_it.o
                0x0000000008000af0                SysTick_Handler
 .text.EXTI9_5_IRQHandler
                0x0000000008000afc       0x10 ./Core/Src/stm32l4xx_it.o
                0x0000000008000afc                EXTI9_5_IRQHandler
 .text.SystemInit
                0x0000000008000b0c       0x24 ./Core/Src/system_stm32l4xx.o
                0x0000000008000b0c                SystemInit
 .text.Reset_Handler
                0x0000000008000b30       0x50 ./Core/Startup/startup_stm32l431rctx.o
                0x0000000008000b30                Reset_Handler
 .text.Default_Handler
                0x0000000008000b80        0x2 ./Core/Startup/startup_stm32l431rctx.o
                0x0000000008000b80                RTC_Alarm_IRQHandler
                0x0000000008000b80                EXTI2_IRQHandler
                0x0000000008000b80                TIM1_CC_IRQHandler
                0x0000000008000b80                TSC_IRQHandler
                0x0000000008000b80                TAMP_STAMP_IRQHandler
                0x0000000008000b80                EXTI3_IRQHandler
                0x0000000008000b80                LPTIM2_IRQHandler
                0x0000000008000b80                I2C3_ER_IRQHandler
                0x0000000008000b80                EXTI0_IRQHandler
                0x0000000008000b80                I2C2_EV_IRQHandler
                0x0000000008000b80                CAN1_RX0_IRQHandler
                0x0000000008000b80                FPU_IRQHandler
                0x0000000008000b80                TIM1_UP_TIM16_IRQHandler
                0x0000000008000b80                SPI1_IRQHandler
                0x0000000008000b80                TIM6_DAC_IRQHandler
                0x0000000008000b80                DMA2_Channel2_IRQHandler
                0x0000000008000b80                DMA1_Channel4_IRQHandler
                0x0000000008000b80                ADC1_IRQHandler
                0x0000000008000b80                USART3_IRQHandler
                0x0000000008000b80                DMA1_Channel7_IRQHandler
                0x0000000008000b80                CAN1_RX1_IRQHandler
                0x0000000008000b80                DMA2_Channel1_IRQHandler
                0x0000000008000b80                QUADSPI_IRQHandler
                0x0000000008000b80                I2C1_EV_IRQHandler
                0x0000000008000b80                DMA1_Channel6_IRQHandler
                0x0000000008000b80                DMA2_Channel4_IRQHandler
                0x0000000008000b80                RCC_IRQHandler
                0x0000000008000b80                TIM1_TRG_COM_IRQHandler
                0x0000000008000b80                DMA1_Channel1_IRQHandler
                0x0000000008000b80                Default_Handler
                0x0000000008000b80                DMA2_Channel7_IRQHandler
                0x0000000008000b80                EXTI15_10_IRQHandler
                0x0000000008000b80                TIM7_IRQHandler
                0x0000000008000b80                SDMMC1_IRQHandler
                0x0000000008000b80                I2C3_EV_IRQHandler
                0x0000000008000b80                RTC_WKUP_IRQHandler
                0x0000000008000b80                PVD_PVM_IRQHandler
                0x0000000008000b80                SPI2_IRQHandler
                0x0000000008000b80                CAN1_TX_IRQHandler
                0x0000000008000b80                DMA2_Channel5_IRQHandler
                0x0000000008000b80                CRS_IRQHandler
                0x0000000008000b80                DMA1_Channel5_IRQHandler
                0x0000000008000b80                EXTI4_IRQHandler
                0x0000000008000b80                RNG_IRQHandler
                0x0000000008000b80                DMA1_Channel3_IRQHandler
                0x0000000008000b80                COMP_IRQHandler
                0x0000000008000b80                WWDG_IRQHandler
                0x0000000008000b80                LPUART1_IRQHandler
                0x0000000008000b80                DMA2_Channel6_IRQHandler
                0x0000000008000b80                TIM2_IRQHandler
                0x0000000008000b80                EXTI1_IRQHandler
                0x0000000008000b80                USART2_IRQHandler
                0x0000000008000b80                I2C2_ER_IRQHandler
                0x0000000008000b80                DMA1_Channel2_IRQHandler
                0x0000000008000b80                CAN1_SCE_IRQHandler
                0x0000000008000b80                FLASH_IRQHandler
                0x0000000008000b80                USART1_IRQHandler
                0x0000000008000b80                SPI3_IRQHandler
                0x0000000008000b80                I2C1_ER_IRQHandler
                0x0000000008000b80                SWPMI1_IRQHandler
                0x0000000008000b80                LPTIM1_IRQHandler
                0x0000000008000b80                SAI1_IRQHandler
                0x0000000008000b80                DMA2_Channel3_IRQHandler
                0x0000000008000b80                TIM1_BRK_TIM15_IRQHandler
 .text.HAL_Init
                0x0000000008000b82       0x30 ./Drivers/STM32L4xx_HAL_Driver/Src/stm32l4xx_hal.o
                0x0000000008000b82                HAL_Init
 *fill*         0x0000000008000bb2        0x2 
 .text.HAL_InitTick
                0x0000000008000bb4       0x78 ./Drivers/STM32L4xx_HAL_Driver/Src/stm32l4xx_hal.o
                0x0000000008000bb4                HAL_InitTick
 .text.HAL_IncTick
                0x0000000008000c2c       0x28 ./Drivers/STM32L4xx_HAL_Driver/Src/stm32l4xx_hal.o
                0x0000000008000c2c                HAL_IncTick
 .text.HAL_GetTick
                0x0000000008000c54       0x18 ./Drivers/STM32L4xx_HAL_Driver/Src/stm32l4xx_hal.o
                0x0000000008000c54                HAL_GetTick
 .text.HAL_Delay
                0x0000000008000c6c       0x48 ./Drivers/STM32L4xx_HAL_Driver/Src/stm32l4xx_hal.o
                0x0000000008000c6c                HAL_Delay
 .text.HAL_ResumeTick
                0x0000000008000cb4       0x20 ./Drivers/STM32L4xx_HAL_Driver/Src/stm32l4xx_hal.o
                0x0000000008000cb4                HAL_ResumeTick
 .text.__NVIC_SetPriorityGrouping
                0x0000000008000cd4       0x48 ./Drivers/STM32L4xx_HAL_Driver/Src/stm32l4xx_hal_cortex.o
 .text.__NVIC_GetPriorityGrouping
                0x0000000008000d1c       0x1c ./Drivers/STM32L4xx_HAL_Driver/Src/stm32l4xx_hal_cortex.o
 .text.__NVIC_EnableIRQ
                0x0000000008000d38       0x3c ./Drivers/STM32L4xx_HAL_Driver/Src/stm32l4xx_hal_cortex.o
 .text.__NVIC_SetPriority
                0x0000000008000d74       0x54 ./Drivers/STM32L4xx_HAL_Driver/Src/stm32l4xx_hal_cortex.o
 .text.NVIC_EncodePriority
                0x0000000008000dc8       0x66 ./Drivers/STM32L4xx_HAL_Driver/Src/stm32l4xx_hal_cortex.o
 *fill*         0x0000000008000e2e        0x2 
 .text.SysTick_Config
                0x0000000008000e30       0x44 ./Drivers/STM32L4xx_HAL_Driver/Src/stm32l4xx_hal_cortex.o
 .text.HAL_NVIC_SetPriorityGrouping
                0x0000000008000e74       0x16 ./Drivers/STM32L4xx_HAL_Driver/Src/stm32l4xx_hal_cortex.o
                0x0000000008000e74                HAL_NVIC_SetPriorityGrouping
 .text.HAL_NVIC_SetPriority
                0x0000000008000e8a       0x38 ./Drivers/STM32L4xx_HAL_Driver/Src/stm32l4xx_hal_cortex.o
                0x0000000008000e8a                HAL_NVIC_SetPriority
 .text.HAL_NVIC_EnableIRQ
                0x0000000008000ec2       0x1c ./Drivers/STM32L4xx_HAL_Driver/Src/stm32l4xx_hal_cortex.o
                0x0000000008000ec2                HAL_NVIC_EnableIRQ
 .text.HAL_SYSTICK_Config
                0x0000000008000ede       0x18 ./Drivers/STM32L4xx_HAL_Driver/Src/stm32l4xx_hal_cortex.o
                0x0000000008000ede                HAL_SYSTICK_Config
 *fill*         0x0000000008000ef6        0x2 
 .text.HAL_GPIO_Init
                0x0000000008000ef8      0x2f4 ./Drivers/STM32L4xx_HAL_Driver/Src/stm32l4xx_hal_gpio.o
                0x0000000008000ef8                HAL_GPIO_Init
 .text.HAL_GPIO_EXTI_IRQHandler
                0x00000000080011ec       0x30 ./Drivers/STM32L4xx_HAL_Driver/Src/stm32l4xx_hal_gpio.o
                0x00000000080011ec                HAL_GPIO_EXTI_IRQHandler
 .text.HAL_I2C_Init
                0x000000000800121c      0x11e ./Drivers/STM32L4xx_HAL_Driver/Src/stm32l4xx_hal_i2c.o
                0x000000000800121c                HAL_I2C_Init
 *fill*         0x000000000800133a        0x2 
 .text.HAL_I2C_Mem_Write
                0x000000000800133c      0x228 ./Drivers/STM32L4xx_HAL_Driver/Src/stm32l4xx_hal_i2c.o
                0x000000000800133c                HAL_I2C_Mem_Write
 .text.HAL_I2C_Mem_Read
                0x0000000008001564      0x234 ./Drivers/STM32L4xx_HAL_Driver/Src/stm32l4xx_hal_i2c.o
                0x0000000008001564                HAL_I2C_Mem_Read
 .text.I2C_RequestMemoryWrite
                0x0000000008001798       0xa8 ./Drivers/STM32L4xx_HAL_Driver/Src/stm32l4xx_hal_i2c.o
 .text.I2C_RequestMemoryRead
                0x0000000008001840       0xa8 ./Drivers/STM32L4xx_HAL_Driver/Src/stm32l4xx_hal_i2c.o
 .text.I2C_Flush_TXDR
                0x00000000080018e8       0x48 ./Drivers/STM32L4xx_HAL_Driver/Src/stm32l4xx_hal_i2c.o
 .text.I2C_WaitOnFlagUntilTimeout
                0x0000000008001930       0x80 ./Drivers/STM32L4xx_HAL_Driver/Src/stm32l4xx_hal_i2c.o
 .text.I2C_WaitOnTXISFlagUntilTimeout
                0x00000000080019b0       0x80 ./Drivers/STM32L4xx_HAL_Driver/Src/stm32l4xx_hal_i2c.o
 .text.I2C_WaitOnSTOPFlagUntilTimeout
                0x0000000008001a30       0x78 ./Drivers/STM32L4xx_HAL_Driver/Src/stm32l4xx_hal_i2c.o
 .text.I2C_IsErrorOccurred
                0x0000000008001aa8      0x1d8 ./Drivers/STM32L4xx_HAL_Driver/Src/stm32l4xx_hal_i2c.o
 .text.I2C_TransferConfig
                0x0000000008001c80       0x64 ./Drivers/STM32L4xx_HAL_Driver/Src/stm32l4xx_hal_i2c.o
 .text.HAL_I2CEx_ConfigAnalogFilter
                0x0000000008001ce4       0x96 ./Drivers/STM32L4xx_HAL_Driver/Src/stm32l4xx_hal_i2c_ex.o
                0x0000000008001ce4                HAL_I2CEx_ConfigAnalogFilter
 .text.HAL_I2CEx_ConfigDigitalFilter
                0x0000000008001d7a       0x98 ./Drivers/STM32L4xx_HAL_Driver/Src/stm32l4xx_hal_i2c_ex.o
                0x0000000008001d7a                HAL_I2CEx_ConfigDigitalFilter
 *fill*         0x0000000008001e12        0x2 
 .text.HAL_PWREx_GetVoltageRange
                0x0000000008001e14       0x1c ./Drivers/STM32L4xx_HAL_Driver/Src/stm32l4xx_hal_pwr_ex.o
                0x0000000008001e14                HAL_PWREx_GetVoltageRange
 .text.HAL_PWREx_ControlVoltageScaling
                0x0000000008001e30       0xac ./Drivers/STM32L4xx_HAL_Driver/Src/stm32l4xx_hal_pwr_ex.o
                0x0000000008001e30                HAL_PWREx_ControlVoltageScaling
 .text.HAL_RCC_OscConfig
                0x0000000008001edc      0x828 ./Drivers/STM32L4xx_HAL_Driver/Src/stm32l4xx_hal_rcc.o
                0x0000000008001edc                HAL_RCC_OscConfig
 .text.HAL_RCC_ClockConfig
                0x0000000008002704      0x200 ./Drivers/STM32L4xx_HAL_Driver/Src/stm32l4xx_hal_rcc.o
                0x0000000008002704                HAL_RCC_ClockConfig
 .text.HAL_RCC_GetSysClockFreq
                0x0000000008002904      0x118 ./Drivers/STM32L4xx_HAL_Driver/Src/stm32l4xx_hal_rcc.o
                0x0000000008002904                HAL_RCC_GetSysClockFreq
 .text.RCC_SetFlashLatencyFromMSIRange
                0x0000000008002a1c       0xc0 ./Drivers/STM32L4xx_HAL_Driver/Src/stm32l4xx_hal_rcc.o
 .text.HAL_RCCEx_PeriphCLKConfig
                0x0000000008002adc      0x430 ./Drivers/STM32L4xx_HAL_Driver/Src/stm32l4xx_hal_rcc_ex.o
                0x0000000008002adc                HAL_RCCEx_PeriphCLKConfig
 .text.RCCEx_PLLSAI1_Config
                0x0000000008002f0c      0x1e4 ./Drivers/STM32L4xx_HAL_Driver/Src/stm32l4xx_hal_rcc_ex.o
 .text.__libc_init_array
                0x00000000080030f0       0x48 c:/st/stm32cubeide_1.10.1/stm32cubeide/plugins/com.st.stm32cube.ide.mcu.externaltools.gnu-tools-for-stm32.10.3-2021.10.win32_1.0.0.202111181127/tools/bin/../lib/gcc/arm-none-eabi/10.3.1/../../../../arm-none-eabi/lib/thumb/v7e-m+fp/hard\libc_nano.a(lib_a-init.o)
                0x00000000080030f0                __libc_init_array
 .text.memset   0x0000000008003138       0x10 c:/st/stm32cubeide_1.10.1/stm32cubeide/plugins/com.st.stm32cube.ide.mcu.externaltools.gnu-tools-for-stm32.10.3-2021.10.win32_1.0.0.202111181127/tools/bin/../lib/gcc/arm-none-eabi/10.3.1/../../../../arm-none-eabi/lib/thumb/v7e-m+fp/hard\libc_nano.a(lib_a-memset.o)
                0x0000000008003138                memset
 *(.glue_7)
 .glue_7        0x0000000008003148        0x0 linker stubs
 *(.glue_7t)
 .glue_7t       0x0000000008003148        0x0 linker stubs
 *(.eh_frame)
 .eh_frame      0x0000000008003148        0x0 c:/st/stm32cubeide_1.10.1/stm32cubeide/plugins/com.st.stm32cube.ide.mcu.externaltools.gnu-tools-for-stm32.10.3-2021.10.win32_1.0.0.202111181127/tools/bin/../lib/gcc/arm-none-eabi/10.3.1/thumb/v7e-m+fp/hard/crtbegin.o
 *(.init)
 .init          0x0000000008003148        0x4 c:/st/stm32cubeide_1.10.1/stm32cubeide/plugins/com.st.stm32cube.ide.mcu.externaltools.gnu-tools-for-stm32.10.3-2021.10.win32_1.0.0.202111181127/tools/bin/../lib/gcc/arm-none-eabi/10.3.1/thumb/v7e-m+fp/hard/crti.o
                0x0000000008003148                _init
 .init          0x000000000800314c        0x8 c:/st/stm32cubeide_1.10.1/stm32cubeide/plugins/com.st.stm32cube.ide.mcu.externaltools.gnu-tools-for-stm32.10.3-2021.10.win32_1.0.0.202111181127/tools/bin/../lib/gcc/arm-none-eabi/10.3.1/thumb/v7e-m+fp/hard/crtn.o
 *(.fini)
 .fini          0x0000000008003154        0x4 c:/st/stm32cubeide_1.10.1/stm32cubeide/plugins/com.st.stm32cube.ide.mcu.externaltools.gnu-tools-for-stm32.10.3-2021.10.win32_1.0.0.202111181127/tools/bin/../lib/gcc/arm-none-eabi/10.3.1/thumb/v7e-m+fp/hard/crti.o
                0x0000000008003154                _fini
 .fini          0x0000000008003158        0x8 c:/st/stm32cubeide_1.10.1/stm32cubeide/plugins/com.st.stm32cube.ide.mcu.externaltools.gnu-tools-for-stm32.10.3-2021.10.win32_1.0.0.202111181127/tools/bin/../lib/gcc/arm-none-eabi/10.3.1/thumb/v7e-m+fp/hard/crtn.o
                0x0000000008003160                . = ALIGN (0x4)
                0x0000000008003160                _etext = .

.vfp11_veneer   0x0000000008003160        0x0
 .vfp11_veneer  0x0000000008003160        0x0 linker stubs

.v4_bx          0x0000000008003160        0x0
 .v4_bx         0x0000000008003160        0x0 linker stubs

.iplt           0x0000000008003160        0x0
 .iplt          0x0000000008003160        0x0 c:/st/stm32cubeide_1.10.1/stm32cubeide/plugins/com.st.stm32cube.ide.mcu.externaltools.gnu-tools-for-stm32.10.3-2021.10.win32_1.0.0.202111181127/tools/bin/../lib/gcc/arm-none-eabi/10.3.1/thumb/v7e-m+fp/hard/crtbegin.o

.rodata         0x0000000008003160       0x40
                0x0000000008003160                . = ALIGN (0x4)
 *(.rodata)
 *(.rodata*)
 .rodata.AHBPrescTable
                0x0000000008003160       0x10 ./Core/Src/system_stm32l4xx.o
                0x0000000008003160                AHBPrescTable
 .rodata.MSIRangeTable
                0x0000000008003170       0x30 ./Core/Src/system_stm32l4xx.o
                0x0000000008003170                MSIRangeTable
                0x00000000080031a0                . = ALIGN (0x4)

.rel.dyn        0x00000000080031a0        0x0
 .rel.iplt      0x00000000080031a0        0x0 c:/st/stm32cubeide_1.10.1/stm32cubeide/plugins/com.st.stm32cube.ide.mcu.externaltools.gnu-tools-for-stm32.10.3-2021.10.win32_1.0.0.202111181127/tools/bin/../lib/gcc/arm-none-eabi/10.3.1/thumb/v7e-m+fp/hard/crtbegin.o

.ARM.extab      0x00000000080031a0        0x0
                0x00000000080031a0                . = ALIGN (0x4)
 *(.ARM.extab* .gnu.linkonce.armextab.*)
                0x00000000080031a0                . = ALIGN (0x4)

.ARM            0x00000000080031a0        0x0
                0x00000000080031a0                . = ALIGN (0x4)
                0x00000000080031a0                __exidx_start = .
 *(.ARM.exidx*)
                0x00000000080031a0                __exidx_end = .
                0x00000000080031a0                . = ALIGN (0x4)

.preinit_array  0x00000000080031a0        0x0
                0x00000000080031a0                . = ALIGN (0x4)
                0x00000000080031a0                PROVIDE (__preinit_array_start = .)
 *(.preinit_array*)
                0x00000000080031a0                PROVIDE (__preinit_array_end = .)
                0x00000000080031a0                . = ALIGN (0x4)

.init_array     0x00000000080031a0        0x4
                0x00000000080031a0                . = ALIGN (0x4)
                0x00000000080031a0                PROVIDE (__init_array_start = .)
 *(SORT_BY_NAME(.init_array.*))
 *(.init_array*)
 .init_array    0x00000000080031a0        0x4 c:/st/stm32cubeide_1.10.1/stm32cubeide/plugins/com.st.stm32cube.ide.mcu.externaltools.gnu-tools-for-stm32.10.3-2021.10.win32_1.0.0.202111181127/tools/bin/../lib/gcc/arm-none-eabi/10.3.1/thumb/v7e-m+fp/hard/crtbegin.o
                0x00000000080031a4                PROVIDE (__init_array_end = .)
                0x00000000080031a4                . = ALIGN (0x4)

.fini_array     0x00000000080031a4        0x4
                0x00000000080031a4                . = ALIGN (0x4)
                [!provide]                        PROVIDE (__fini_array_start = .)
 *(SORT_BY_NAME(.fini_array.*))
 *(.fini_array*)
 .fini_array    0x00000000080031a4        0x4 c:/st/stm32cubeide_1.10.1/stm32cubeide/plugins/com.st.stm32cube.ide.mcu.externaltools.gnu-tools-for-stm32.10.3-2021.10.win32_1.0.0.202111181127/tools/bin/../lib/gcc/arm-none-eabi/10.3.1/thumb/v7e-m+fp/hard/crtbegin.o
                [!provide]                        PROVIDE (__fini_array_end = .)
                0x00000000080031a8                . = ALIGN (0x4)
                0x00000000080031a8                _sidata = LOADADDR (.data)

.data           0x0000000020000000        0xc load address 0x00000000080031a8
                0x0000000020000000                . = ALIGN (0x4)
                0x0000000020000000                _sdata = .
 *(.data)
 *(.data*)
 .data.SystemCoreClock
                0x0000000020000000        0x4 ./Core/Src/system_stm32l4xx.o
                0x0000000020000000                SystemCoreClock
 .data.uwTickPrio
                0x0000000020000004        0x4 ./Drivers/STM32L4xx_HAL_Driver/Src/stm32l4xx_hal.o
                0x0000000020000004                uwTickPrio
 .data.uwTickFreq
                0x0000000020000008        0x1 ./Drivers/STM32L4xx_HAL_Driver/Src/stm32l4xx_hal.o
                0x0000000020000008                uwTickFreq
 *(.RamFunc)
 *(.RamFunc*)
                0x000000002000000c                . = ALIGN (0x4)
 *fill*         0x0000000020000009        0x3 
                0x000000002000000c                _edata = .

.igot.plt       0x000000002000000c        0x0 load address 0x00000000080031b4
 .igot.plt      0x000000002000000c        0x0 c:/st/stm32cubeide_1.10.1/stm32cubeide/plugins/com.st.stm32cube.ide.mcu.externaltools.gnu-tools-for-stm32.10.3-2021.10.win32_1.0.0.202111181127/tools/bin/../lib/gcc/arm-none-eabi/10.3.1/thumb/v7e-m+fp/hard/crtbegin.o
                0x000000002000000c                . = ALIGN (0x4)

.bss            0x000000002000000c       0x78 load address 0x00000000080031b4
                0x000000002000000c                _sbss = .
                0x000000002000000c                __bss_start__ = _sbss
 *(.bss)
 .bss           0x000000002000000c       0x1c c:/st/stm32cubeide_1.10.1/stm32cubeide/plugins/com.st.stm32cube.ide.mcu.externaltools.gnu-tools-for-stm32.10.3-2021.10.win32_1.0.0.202111181127/tools/bin/../lib/gcc/arm-none-eabi/10.3.1/thumb/v7e-m+fp/hard/crtbegin.o
 *(.bss*)
 .bss.hi2c1     0x0000000020000028       0x54 ./Core/Src/main.o
                0x0000000020000028                hi2c1
 .bss.GLOBAL_errors
                0x000000002000007c        0x1 ./Core/Src/main.o
                0x000000002000007c                GLOBAL_errors
 .bss.BQ_FLAG   0x000000002000007d        0x1 ./Core/Src/main.o
                0x000000002000007d                BQ_FLAG
 .bss.currentBatteryPercentage
                0x000000002000007e        0x1 ./Core/Src/main.o
                0x000000002000007e                currentBatteryPercentage
 *fill*         0x000000002000007f        0x1 
 .bss.uwTick    0x0000000020000080        0x4 ./Drivers/STM32L4xx_HAL_Driver/Src/stm32l4xx_hal.o
                0x0000000020000080                uwTick
 *(COMMON)
                0x0000000020000084                . = ALIGN (0x4)
                0x0000000020000084                _ebss = .
                0x0000000020000084                __bss_end__ = _ebss

._user_heap_stack
                0x0000000020000084      0x604 load address 0x00000000080031b4
                0x0000000020000088                . = ALIGN (0x8)
 *fill*         0x0000000020000084        0x4 
                [!provide]                        PROVIDE (end = .)
                0x0000000020000088                PROVIDE (_end = .)
                0x0000000020000288                . = (. + _Min_Heap_Size)
 *fill*         0x0000000020000088      0x200 
                0x0000000020000688                . = (. + _Min_Stack_Size)
 *fill*         0x0000000020000288      0x400 
                0x0000000020000688                . = ALIGN (0x8)

/DISCARD/
 libc.a(*)
 libm.a(*)
 libgcc.a(*)

.ARM.attributes
                0x0000000000000000       0x30
 *(.ARM.attributes)
 .ARM.attributes
                0x0000000000000000       0x1e c:/st/stm32cubeide_1.10.1/stm32cubeide/plugins/com.st.stm32cube.ide.mcu.externaltools.gnu-tools-for-stm32.10.3-2021.10.win32_1.0.0.202111181127/tools/bin/../lib/gcc/arm-none-eabi/10.3.1/thumb/v7e-m+fp/hard/crti.o
 .ARM.attributes
                0x000000000000001e       0x34 c:/st/stm32cubeide_1.10.1/stm32cubeide/plugins/com.st.stm32cube.ide.mcu.externaltools.gnu-tools-for-stm32.10.3-2021.10.win32_1.0.0.202111181127/tools/bin/../lib/gcc/arm-none-eabi/10.3.1/thumb/v7e-m+fp/hard/crtbegin.o
 .ARM.attributes
                0x0000000000000052       0x34 ./Core/Src/BQ24295.o
 .ARM.attributes
                0x0000000000000086       0x34 ./Core/Src/main.o
 .ARM.attributes
                0x00000000000000ba       0x34 ./Core/Src/max17048.o
 .ARM.attributes
                0x00000000000000ee       0x34 ./Core/Src/stm32l4xx_hal_msp.o
 .ARM.attributes
                0x0000000000000122       0x34 ./Core/Src/stm32l4xx_it.o
 .ARM.attributes
                0x0000000000000156       0x34 ./Core/Src/system_stm32l4xx.o
 .ARM.attributes
                0x000000000000018a       0x21 ./Core/Startup/startup_stm32l431rctx.o
 .ARM.attributes
                0x00000000000001ab       0x34 ./Drivers/STM32L4xx_HAL_Driver/Src/stm32l4xx_hal.o
 .ARM.attributes
                0x00000000000001df       0x34 ./Drivers/STM32L4xx_HAL_Driver/Src/stm32l4xx_hal_cortex.o
 .ARM.attributes
                0x0000000000000213       0x34 ./Drivers/STM32L4xx_HAL_Driver/Src/stm32l4xx_hal_gpio.o
 .ARM.attributes
                0x0000000000000247       0x34 ./Drivers/STM32L4xx_HAL_Driver/Src/stm32l4xx_hal_i2c.o
 .ARM.attributes
                0x000000000000027b       0x34 ./Drivers/STM32L4xx_HAL_Driver/Src/stm32l4xx_hal_i2c_ex.o
 .ARM.attributes
                0x00000000000002af       0x34 ./Drivers/STM32L4xx_HAL_Driver/Src/stm32l4xx_hal_pwr_ex.o
 .ARM.attributes
                0x00000000000002e3       0x34 ./Drivers/STM32L4xx_HAL_Driver/Src/stm32l4xx_hal_rcc.o
 .ARM.attributes
                0x0000000000000317       0x34 ./Drivers/STM32L4xx_HAL_Driver/Src/stm32l4xx_hal_rcc_ex.o
 .ARM.attributes
                0x000000000000034b       0x34 c:/st/stm32cubeide_1.10.1/stm32cubeide/plugins/com.st.stm32cube.ide.mcu.externaltools.gnu-tools-for-stm32.10.3-2021.10.win32_1.0.0.202111181127/tools/bin/../lib/gcc/arm-none-eabi/10.3.1/../../../../arm-none-eabi/lib/thumb/v7e-m+fp/hard\libc_nano.a(lib_a-init.o)
 .ARM.attributes
                0x000000000000037f       0x34 c:/st/stm32cubeide_1.10.1/stm32cubeide/plugins/com.st.stm32cube.ide.mcu.externaltools.gnu-tools-for-stm32.10.3-2021.10.win32_1.0.0.202111181127/tools/bin/../lib/gcc/arm-none-eabi/10.3.1/../../../../arm-none-eabi/lib/thumb/v7e-m+fp/hard\libc_nano.a(lib_a-memset.o)
 .ARM.attributes
                0x00000000000003b3       0x1e c:/st/stm32cubeide_1.10.1/stm32cubeide/plugins/com.st.stm32cube.ide.mcu.externaltools.gnu-tools-for-stm32.10.3-2021.10.win32_1.0.0.202111181127/tools/bin/../lib/gcc/arm-none-eabi/10.3.1/thumb/v7e-m+fp/hard/crtn.o
OUTPUT(RedemptionPortable.elf elf32-littlearm)
LOAD linker stubs
LOAD c:/st/stm32cubeide_1.10.1/stm32cubeide/plugins/com.st.stm32cube.ide.mcu.externaltools.gnu-tools-for-stm32.10.3-2021.10.win32_1.0.0.202111181127/tools/bin/../lib/gcc/arm-none-eabi/10.3.1/../../../../arm-none-eabi/lib/thumb/v7e-m+fp/hard\libc.a
LOAD c:/st/stm32cubeide_1.10.1/stm32cubeide/plugins/com.st.stm32cube.ide.mcu.externaltools.gnu-tools-for-stm32.10.3-2021.10.win32_1.0.0.202111181127/tools/bin/../lib/gcc/arm-none-eabi/10.3.1/../../../../arm-none-eabi/lib/thumb/v7e-m+fp/hard\libm.a
LOAD c:/st/stm32cubeide_1.10.1/stm32cubeide/plugins/com.st.stm32cube.ide.mcu.externaltools.gnu-tools-for-stm32.10.3-2021.10.win32_1.0.0.202111181127/tools/bin/../lib/gcc/arm-none-eabi/10.3.1/thumb/v7e-m+fp/hard\libgcc.a

.debug_info     0x0000000000000000     0xae71
 .debug_info    0x0000000000000000      0xb08 ./Core/Src/BQ24295.o
 .debug_info    0x0000000000000b08     0x11f0 ./Core/Src/main.o
 .debug_info    0x0000000000001cf8      0xb8d ./Core/Src/max17048.o
 .debug_info    0x0000000000002885      0xc3a ./Core/Src/stm32l4xx_hal_msp.o
 .debug_info    0x00000000000034bf      0x166 ./Core/Src/stm32l4xx_it.o
 .debug_info    0x0000000000003625      0x5d4 ./Core/Src/system_stm32l4xx.o
 .debug_info    0x0000000000003bf9       0x22 ./Core/Startup/startup_stm32l431rctx.o
 .debug_info    0x0000000000003c1b      0xadd ./Drivers/STM32L4xx_HAL_Driver/Src/stm32l4xx_hal.o
 .debug_info    0x00000000000046f8      0xdbb ./Drivers/STM32L4xx_HAL_Driver/Src/stm32l4xx_hal_cortex.o
 .debug_info    0x00000000000054b3      0x821 ./Drivers/STM32L4xx_HAL_Driver/Src/stm32l4xx_hal_gpio.o
 .debug_info    0x0000000000005cd4     0x2232 ./Drivers/STM32L4xx_HAL_Driver/Src/stm32l4xx_hal_i2c.o
 .debug_info    0x0000000000007f06      0xa53 ./Drivers/STM32L4xx_HAL_Driver/Src/stm32l4xx_hal_i2c_ex.o
 .debug_info    0x0000000000008959      0x90c ./Drivers/STM32L4xx_HAL_Driver/Src/stm32l4xx_hal_pwr_ex.o
 .debug_info    0x0000000000009265      0xc97 ./Drivers/STM32L4xx_HAL_Driver/Src/stm32l4xx_hal_rcc.o
 .debug_info    0x0000000000009efc      0xf75 ./Drivers/STM32L4xx_HAL_Driver/Src/stm32l4xx_hal_rcc_ex.o

.debug_abbrev   0x0000000000000000     0x1cd0
 .debug_abbrev  0x0000000000000000      0x203 ./Core/Src/BQ24295.o
 .debug_abbrev  0x0000000000000203      0x34a ./Core/Src/main.o
 .debug_abbrev  0x000000000000054d      0x1ac ./Core/Src/max17048.o
 .debug_abbrev  0x00000000000006f9      0x1c9 ./Core/Src/stm32l4xx_hal_msp.o
 .debug_abbrev  0x00000000000008c2       0x9f ./Core/Src/stm32l4xx_it.o
 .debug_abbrev  0x0000000000000961      0x116 ./Core/Src/system_stm32l4xx.o
 .debug_abbrev  0x0000000000000a77       0x12 ./Core/Startup/startup_stm32l431rctx.o
 .debug_abbrev  0x0000000000000a89      0x23a ./Drivers/STM32L4xx_HAL_Driver/Src/stm32l4xx_hal.o
 .debug_abbrev  0x0000000000000cc3      0x316 ./Drivers/STM32L4xx_HAL_Driver/Src/stm32l4xx_hal_cortex.o
 .debug_abbrev  0x0000000000000fd9      0x1bb ./Drivers/STM32L4xx_HAL_Driver/Src/stm32l4xx_hal_gpio.o
 .debug_abbrev  0x0000000000001194      0x243 ./Drivers/STM32L4xx_HAL_Driver/Src/stm32l4xx_hal_i2c.o
 .debug_abbrev  0x00000000000013d7      0x1b0 ./Drivers/STM32L4xx_HAL_Driver/Src/stm32l4xx_hal_i2c_ex.o
 .debug_abbrev  0x0000000000001587      0x1f3 ./Drivers/STM32L4xx_HAL_Driver/Src/stm32l4xx_hal_pwr_ex.o
 .debug_abbrev  0x000000000000177a      0x2bd ./Drivers/STM32L4xx_HAL_Driver/Src/stm32l4xx_hal_rcc.o
 .debug_abbrev  0x0000000000001a37      0x299 ./Drivers/STM32L4xx_HAL_Driver/Src/stm32l4xx_hal_rcc_ex.o

.debug_aranges  0x0000000000000000      0xa30
 .debug_aranges
                0x0000000000000000       0x40 ./Core/Src/BQ24295.o
 .debug_aranges
                0x0000000000000040       0x68 ./Core/Src/main.o
 .debug_aranges
                0x00000000000000a8       0x98 ./Core/Src/max17048.o
 .debug_aranges
                0x0000000000000140       0x30 ./Core/Src/stm32l4xx_hal_msp.o
 .debug_aranges
                0x0000000000000170       0x68 ./Core/Src/stm32l4xx_it.o
 .debug_aranges
                0x00000000000001d8       0x28 ./Core/Src/system_stm32l4xx.o
 .debug_aranges
                0x0000000000000200       0x28 ./Core/Startup/startup_stm32l431rctx.o
 .debug_aranges
                0x0000000000000228      0x130 ./Drivers/STM32L4xx_HAL_Driver/Src/stm32l4xx_hal.o
 .debug_aranges
                0x0000000000000358      0x118 ./Drivers/STM32L4xx_HAL_Driver/Src/stm32l4xx_hal_cortex.o
 .debug_aranges
                0x0000000000000470       0x58 ./Drivers/STM32L4xx_HAL_Driver/Src/stm32l4xx_hal_gpio.o
 .debug_aranges
                0x00000000000004c8      0x2a0 ./Drivers/STM32L4xx_HAL_Driver/Src/stm32l4xx_hal_i2c.o
 .debug_aranges
                0x0000000000000768       0x48 ./Drivers/STM32L4xx_HAL_Driver/Src/stm32l4xx_hal_i2c_ex.o
 .debug_aranges
                0x00000000000007b0      0x100 ./Drivers/STM32L4xx_HAL_Driver/Src/stm32l4xx_hal_pwr_ex.o
 .debug_aranges
                0x00000000000008b0       0x90 ./Drivers/STM32L4xx_HAL_Driver/Src/stm32l4xx_hal_rcc.o
 .debug_aranges
                0x0000000000000940       0xf0 ./Drivers/STM32L4xx_HAL_Driver/Src/stm32l4xx_hal_rcc_ex.o

.debug_ranges   0x0000000000000000      0x948
 .debug_ranges  0x0000000000000000       0x30 ./Core/Src/BQ24295.o
 .debug_ranges  0x0000000000000030       0x58 ./Core/Src/main.o
 .debug_ranges  0x0000000000000088       0x88 ./Core/Src/max17048.o
 .debug_ranges  0x0000000000000110       0x20 ./Core/Src/stm32l4xx_hal_msp.o
 .debug_ranges  0x0000000000000130       0x58 ./Core/Src/stm32l4xx_it.o
 .debug_ranges  0x0000000000000188       0x18 ./Core/Src/system_stm32l4xx.o
 .debug_ranges  0x00000000000001a0       0x20 ./Core/Startup/startup_stm32l431rctx.o
 .debug_ranges  0x00000000000001c0      0x120 ./Drivers/STM32L4xx_HAL_Driver/Src/stm32l4xx_hal.o
 .debug_ranges  0x00000000000002e0      0x108 ./Drivers/STM32L4xx_HAL_Driver/Src/stm32l4xx_hal_cortex.o
 .debug_ranges  0x00000000000003e8       0x48 ./Drivers/STM32L4xx_HAL_Driver/Src/stm32l4xx_hal_gpio.o
 .debug_ranges  0x0000000000000430      0x290 ./Drivers/STM32L4xx_HAL_Driver/Src/stm32l4xx_hal_i2c.o
 .debug_ranges  0x00000000000006c0       0x38 ./Drivers/STM32L4xx_HAL_Driver/Src/stm32l4xx_hal_i2c_ex.o
 .debug_ranges  0x00000000000006f8       0xf0 ./Drivers/STM32L4xx_HAL_Driver/Src/stm32l4xx_hal_pwr_ex.o
 .debug_ranges  0x00000000000007e8       0x80 ./Drivers/STM32L4xx_HAL_Driver/Src/stm32l4xx_hal_rcc.o
 .debug_ranges  0x0000000000000868       0xe0 ./Drivers/STM32L4xx_HAL_Driver/Src/stm32l4xx_hal_rcc_ex.o

.debug_macro    0x0000000000000000    0x206d4
 .debug_macro   0x0000000000000000      0x2a7 ./Core/Src/BQ24295.o
 .debug_macro   0x00000000000002a7      0xa78 ./Core/Src/BQ24295.o
 .debug_macro   0x0000000000000d1f      0x1a1 ./Core/Src/BQ24295.o
 .debug_macro   0x0000000000000ec0       0x2e ./Core/Src/BQ24295.o
 .debug_macro   0x0000000000000eee       0x28 ./Core/Src/BQ24295.o
 .debug_macro   0x0000000000000f16       0x22 ./Core/Src/BQ24295.o
 .debug_macro   0x0000000000000f38       0x8e ./Core/Src/BQ24295.o
 .debug_macro   0x0000000000000fc6       0x51 ./Core/Src/BQ24295.o
 .debug_macro   0x0000000000001017      0x103 ./Core/Src/BQ24295.o
 .debug_macro   0x000000000000111a       0x6a ./Core/Src/BQ24295.o
 .debug_macro   0x0000000000001184      0x1df ./Core/Src/BQ24295.o
 .debug_macro   0x0000000000001363       0x1c ./Core/Src/BQ24295.o
 .debug_macro   0x000000000000137f       0x22 ./Core/Src/BQ24295.o
 .debug_macro   0x00000000000013a1       0xfb ./Core/Src/BQ24295.o
 .debug_macro   0x000000000000149c     0x1011 ./Core/Src/BQ24295.o
 .debug_macro   0x00000000000024ad      0x11f ./Core/Src/BQ24295.o
 .debug_macro   0x00000000000025cc    0x1511c ./Core/Src/BQ24295.o
 .debug_macro   0x00000000000176e8       0x6d ./Core/Src/BQ24295.o
 .debug_macro   0x0000000000017755     0x38e6 ./Core/Src/BQ24295.o
 .debug_macro   0x000000000001b03b      0x174 ./Core/Src/BQ24295.o
 .debug_macro   0x000000000001b1af       0x5c ./Core/Src/BQ24295.o
 .debug_macro   0x000000000001b20b     0x1328 ./Core/Src/BQ24295.o
 .debug_macro   0x000000000001c533      0x5a5 ./Core/Src/BQ24295.o
 .debug_macro   0x000000000001cad8      0x1b9 ./Core/Src/BQ24295.o
 .debug_macro   0x000000000001cc91      0x11b ./Core/Src/BQ24295.o
 .debug_macro   0x000000000001cdac      0x26b ./Core/Src/BQ24295.o
 .debug_macro   0x000000000001d017      0x23d ./Core/Src/BQ24295.o
 .debug_macro   0x000000000001d254      0x241 ./Core/Src/BQ24295.o
 .debug_macro   0x000000000001d495      0x375 ./Core/Src/BQ24295.o
 .debug_macro   0x000000000001d80a       0xd6 ./Core/Src/BQ24295.o
 .debug_macro   0x000000000001d8e0      0x22c ./Core/Src/BQ24295.o
 .debug_macro   0x000000000001db0c       0x61 ./Core/Src/BQ24295.o
 .debug_macro   0x000000000001db6d       0xa5 ./Core/Src/BQ24295.o
 .debug_macro   0x000000000001dc12      0x122 ./Core/Src/BQ24295.o
 .debug_macro   0x000000000001dd34      0x2ee ./Core/Src/BQ24295.o
 .debug_macro   0x000000000001e022      0x26d ./Core/Src/BQ24295.o
 .debug_macro   0x000000000001e28f       0x22 ./Core/Src/BQ24295.o
 .debug_macro   0x000000000001e2b1       0x52 ./Core/Src/BQ24295.o
 .debug_macro   0x000000000001e303       0x1e ./Core/Src/BQ24295.o
 .debug_macro   0x000000000001e321       0x3c ./Core/Src/BQ24295.o
 .debug_macro   0x000000000001e35d       0x34 ./Core/Src/BQ24295.o
 .debug_macro   0x000000000001e391       0x16 ./Core/Src/BQ24295.o
 .debug_macro   0x000000000001e3a7       0x43 ./Core/Src/BQ24295.o
 .debug_macro   0x000000000001e3ea       0x34 ./Core/Src/BQ24295.o
 .debug_macro   0x000000000001e41e       0x10 ./Core/Src/BQ24295.o
 .debug_macro   0x000000000001e42e       0x58 ./Core/Src/BQ24295.o
 .debug_macro   0x000000000001e486       0x71 ./Core/Src/BQ24295.o
 .debug_macro   0x000000000001e4f7       0x1c ./Core/Src/BQ24295.o
 .debug_macro   0x000000000001e513      0x12a ./Core/Src/BQ24295.o
 .debug_macro   0x000000000001e63d      0x341 ./Core/Src/BQ24295.o
 .debug_macro   0x000000000001e97e       0x10 ./Core/Src/BQ24295.o
 .debug_macro   0x000000000001e98e       0x35 ./Core/Src/BQ24295.o
 .debug_macro   0x000000000001e9c3       0x20 ./Core/Src/BQ24295.o
 .debug_macro   0x000000000001e9e3       0x16 ./Core/Src/BQ24295.o
 .debug_macro   0x000000000001e9f9      0x31e ./Core/Src/main.o
 .debug_macro   0x000000000001ed17       0x10 ./Core/Src/main.o
 .debug_macro   0x000000000001ed27      0x37f ./Core/Src/max17048.o
 .debug_macro   0x000000000001f0a6      0x297 ./Core/Src/stm32l4xx_hal_msp.o
 .debug_macro   0x000000000001f33d      0x2a1 ./Core/Src/stm32l4xx_it.o
 .debug_macro   0x000000000001f5de      0x1b1 ./Core/Src/system_stm32l4xx.o
 .debug_macro   0x000000000001f78f      0x1ff ./Drivers/STM32L4xx_HAL_Driver/Src/stm32l4xx_hal.o
 .debug_macro   0x000000000001f98e      0x1b1 ./Drivers/STM32L4xx_HAL_Driver/Src/stm32l4xx_hal_cortex.o
 .debug_macro   0x000000000001fb3f      0x1b8 ./Drivers/STM32L4xx_HAL_Driver/Src/stm32l4xx_hal_gpio.o
 .debug_macro   0x000000000001fcf7      0x27d ./Drivers/STM32L4xx_HAL_Driver/Src/stm32l4xx_hal_i2c.o
 .debug_macro   0x000000000001ff74      0x1b1 ./Drivers/STM32L4xx_HAL_Driver/Src/stm32l4xx_hal_i2c_ex.o
 .debug_macro   0x0000000000020125      0x1d5 ./Drivers/STM32L4xx_HAL_Driver/Src/stm32l4xx_hal_pwr_ex.o
 .debug_macro   0x00000000000202fa      0x1f3 ./Drivers/STM32L4xx_HAL_Driver/Src/stm32l4xx_hal_rcc.o
 .debug_macro   0x00000000000204ed      0x1e7 ./Drivers/STM32L4xx_HAL_Driver/Src/stm32l4xx_hal_rcc_ex.o

.debug_line     0x0000000000000000     0xc2bc
 .debug_line    0x0000000000000000      0x8fb ./Core/Src/BQ24295.o
 .debug_line    0x00000000000008fb      0x9d7 ./Core/Src/main.o
 .debug_line    0x00000000000012d2      0xa5a ./Core/Src/max17048.o
 .debug_line    0x0000000000001d2c      0x855 ./Core/Src/stm32l4xx_hal_msp.o
 .debug_line    0x0000000000002581      0x8ce ./Core/Src/stm32l4xx_it.o
 .debug_line    0x0000000000002e4f      0x721 ./Core/Src/system_stm32l4xx.o
 .debug_line    0x0000000000003570       0x88 ./Core/Startup/startup_stm32l431rctx.o
 .debug_line    0x00000000000035f8      0xa79 ./Drivers/STM32L4xx_HAL_Driver/Src/stm32l4xx_hal.o
 .debug_line    0x0000000000004071      0xc20 ./Drivers/STM32L4xx_HAL_Driver/Src/stm32l4xx_hal_cortex.o
 .debug_line    0x0000000000004c91      0xa99 ./Drivers/STM32L4xx_HAL_Driver/Src/stm32l4xx_hal_gpio.o
 .debug_line    0x000000000000572a     0x360b ./Drivers/STM32L4xx_HAL_Driver/Src/stm32l4xx_hal_i2c.o
 .debug_line    0x0000000000008d35      0x8a7 ./Drivers/STM32L4xx_HAL_Driver/Src/stm32l4xx_hal_i2c_ex.o
 .debug_line    0x00000000000095dc      0xade ./Drivers/STM32L4xx_HAL_Driver/Src/stm32l4xx_hal_pwr_ex.o
 .debug_line    0x000000000000a0ba      0xf31 ./Drivers/STM32L4xx_HAL_Driver/Src/stm32l4xx_hal_rcc.o
 .debug_line    0x000000000000afeb     0x12d1 ./Drivers/STM32L4xx_HAL_Driver/Src/stm32l4xx_hal_rcc_ex.o

.debug_str      0x0000000000000000    0xc1118
 .debug_str     0x0000000000000000    0xbd7e9 ./Core/Src/BQ24295.o
                                      0xbdb33 (size before relaxing)
 .debug_str     0x00000000000bd7e9      0xb5c ./Core/Src/main.o
                                      0xbe435 (size before relaxing)
 .debug_str     0x00000000000be345      0x3c1 ./Core/Src/max17048.o
                                      0xbdcf2 (size before relaxing)
 .debug_str     0x00000000000be706      0x231 ./Core/Src/stm32l4xx_hal_msp.o
                                      0xbdbfd (size before relaxing)
 .debug_str     0x00000000000be937       0xf5 ./Core/Src/stm32l4xx_it.o
                                      0xbd3df (size before relaxing)
 .debug_str     0x00000000000bea2c       0xf2 ./Core/Src/system_stm32l4xx.o
                                      0xba671 (size before relaxing)
 .debug_str     0x00000000000beb1e       0x36 ./Core/Startup/startup_stm32l431rctx.o
                                         0x71 (size before relaxing)
 .debug_str     0x00000000000beb54      0x621 ./Drivers/STM32L4xx_HAL_Driver/Src/stm32l4xx_hal.o
                                      0xbb121 (size before relaxing)
 .debug_str     0x00000000000bf175      0x331 ./Drivers/STM32L4xx_HAL_Driver/Src/stm32l4xx_hal_cortex.o
                                      0xbadd2 (size before relaxing)
 .debug_str     0x00000000000bf4a6      0x12b ./Drivers/STM32L4xx_HAL_Driver/Src/stm32l4xx_hal_gpio.o
                                      0xba7e5 (size before relaxing)
 .debug_str     0x00000000000bf5d1      0xdc1 ./Drivers/STM32L4xx_HAL_Driver/Src/stm32l4xx_hal_i2c.o
                                      0xbb872 (size before relaxing)
 .debug_str     0x00000000000c0392       0xb8 ./Drivers/STM32L4xx_HAL_Driver/Src/stm32l4xx_hal_i2c_ex.o
                                      0xbaba8 (size before relaxing)
 .debug_str     0x00000000000c044a      0x40c ./Drivers/STM32L4xx_HAL_Driver/Src/stm32l4xx_hal_pwr_ex.o
                                      0xbaaa8 (size before relaxing)
 .debug_str     0x00000000000c0856      0x381 ./Drivers/STM32L4xx_HAL_Driver/Src/stm32l4xx_hal_rcc.o
                                      0xbac71 (size before relaxing)
 .debug_str     0x00000000000c0bd7      0x541 ./Drivers/STM32L4xx_HAL_Driver/Src/stm32l4xx_hal_rcc_ex.o
                                      0xbaefc (size before relaxing)

.comment        0x0000000000000000       0x50
 .comment       0x0000000000000000       0x50 ./Core/Src/BQ24295.o
                                         0x51 (size before relaxing)
 .comment       0x0000000000000050       0x51 ./Core/Src/main.o
 .comment       0x0000000000000050       0x51 ./Core/Src/max17048.o
 .comment       0x0000000000000050       0x51 ./Core/Src/stm32l4xx_hal_msp.o
 .comment       0x0000000000000050       0x51 ./Core/Src/stm32l4xx_it.o
 .comment       0x0000000000000050       0x51 ./Core/Src/system_stm32l4xx.o
 .comment       0x0000000000000050       0x51 ./Drivers/STM32L4xx_HAL_Driver/Src/stm32l4xx_hal.o
 .comment       0x0000000000000050       0x51 ./Drivers/STM32L4xx_HAL_Driver/Src/stm32l4xx_hal_cortex.o
 .comment       0x0000000000000050       0x51 ./Drivers/STM32L4xx_HAL_Driver/Src/stm32l4xx_hal_gpio.o
 .comment       0x0000000000000050       0x51 ./Drivers/STM32L4xx_HAL_Driver/Src/stm32l4xx_hal_i2c.o
 .comment       0x0000000000000050       0x51 ./Drivers/STM32L4xx_HAL_Driver/Src/stm32l4xx_hal_i2c_ex.o
 .comment       0x0000000000000050       0x51 ./Drivers/STM32L4xx_HAL_Driver/Src/stm32l4xx_hal_pwr_ex.o
 .comment       0x0000000000000050       0x51 ./Drivers/STM32L4xx_HAL_Driver/Src/stm32l4xx_hal_rcc.o
 .comment       0x0000000000000050       0x51 ./Drivers/STM32L4xx_HAL_Driver/Src/stm32l4xx_hal_rcc_ex.o

.debug_frame    0x0000000000000000     0x284c
 .debug_frame   0x0000000000000000       0xc4 ./Core/Src/BQ24295.o
 .debug_frame   0x00000000000000c4      0x14c ./Core/Src/main.o
 .debug_frame   0x0000000000000210      0x250 ./Core/Src/max17048.o
 .debug_frame   0x0000000000000460       0x84 ./Core/Src/stm32l4xx_hal_msp.o
 .debug_frame   0x00000000000004e4      0x120 ./Core/Src/stm32l4xx_it.o
 .debug_frame   0x0000000000000604       0x58 ./Core/Src/system_stm32l4xx.o
 .debug_frame   0x000000000000065c      0x498 ./Drivers/STM32L4xx_HAL_Driver/Src/stm32l4xx_hal.o
 .debug_frame   0x0000000000000af4      0x498 ./Drivers/STM32L4xx_HAL_Driver/Src/stm32l4xx_hal_cortex.o
 .debug_frame   0x0000000000000f8c      0x14c ./Drivers/STM32L4xx_HAL_Driver/Src/stm32l4xx_hal_gpio.o
 .debug_frame   0x00000000000010d8      0xc38 ./Drivers/STM32L4xx_HAL_Driver/Src/stm32l4xx_hal_i2c.o
 .debug_frame   0x0000000000001d10      0x100 ./Drivers/STM32L4xx_HAL_Driver/Src/stm32l4xx_hal_i2c_ex.o
 .debug_frame   0x0000000000001e10      0x404 ./Drivers/STM32L4xx_HAL_Driver/Src/stm32l4xx_hal_pwr_ex.o
 .debug_frame   0x0000000000002214      0x21c ./Drivers/STM32L4xx_HAL_Driver/Src/stm32l4xx_hal_rcc.o
 .debug_frame   0x0000000000002430      0x3d0 ./Drivers/STM32L4xx_HAL_Driver/Src/stm32l4xx_hal_rcc_ex.o
 .debug_frame   0x0000000000002800       0x2c c:/st/stm32cubeide_1.10.1/stm32cubeide/plugins/com.st.stm32cube.ide.mcu.externaltools.gnu-tools-for-stm32.10.3-2021.10.win32_1.0.0.202111181127/tools/bin/../lib/gcc/arm-none-eabi/10.3.1/../../../../arm-none-eabi/lib/thumb/v7e-m+fp/hard\libc_nano.a(lib_a-init.o)
 .debug_frame   0x000000000000282c       0x20 c:/st/stm32cubeide_1.10.1/stm32cubeide/plugins/com.st.stm32cube.ide.mcu.externaltools.gnu-tools-for-stm32.10.3-2021.10.win32_1.0.0.202111181127/tools/bin/../lib/gcc/arm-none-eabi/10.3.1/../../../../arm-none-eabi/lib/thumb/v7e-m+fp/hard\libc_nano.a(lib_a-memset.o)
