../Core/Src/main.c:124:7:EnterSleepModeWakeOnInturrupt	8	static
../Core/Src/main.c:128:7:WakeUpFromSleepMode	8	static
../Core/Src/main.c:136:6:HAL_GPIO_EXTI_Callback	16	static
../Core/Src/main.c:189:6:HAL_TIM_PeriodElapsedCallback	16	static
../Core/Src/main.c:255:7:MAX17048_Init	16	static
../Core/Src/main.c:270:12:Remap	32	static
../Core/Src/main.c:274:6:Set_RGB	16	static
../Core/Src/main.c:285:7:GetADCValue	24	static
../Core/Src/main.c:307:8:readThermistor	48	static
../Core/Src/main.c:333:5:main	24	static
../Core/Src/main.c:542:6:SystemClock_Config	96	static
../Core/Src/main.c:587:13:MX_ADC1_Init	32	static
../Core/Src/main.c:645:13:MX_I2C1_Init	8	static
../Core/Src/main.c:693:13:MX_TIM1_Init	112	static
../Core/Src/main.c:772:13:MX_TIM2_Init	64	static
../Core/Src/main.c:839:13:MX_TIM15_Init	40	static
../Core/Src/main.c:885:13:MX_GPIO_Init	40	static
../Core/Src/main.c:936:6:Error_Handler	4	static,ignoring_inline_asm
