../Core/Src/main.c:138:7:InitializePIDController	64	static
../Core/Src/main.c:158:7:EnterSleepModeWakeOnInturrupt	8	static
../Core/Src/main.c:162:7:WakeUpFromSleepMode	8	static
../Core/Src/main.c:170:6:HAL_GPIO_EXTI_Callback	16	static
../Core/Src/main.c:223:6:HAL_TIM_PeriodElapsedCallback	16	static
../Core/Src/main.c:289:7:MAX17048_Init	16	static
../Core/Src/main.c:304:12:Remap	32	static
../Core/Src/main.c:308:6:Set_RGB	16	static
../Core/Src/main.c:324:5:main	32	static
../Core/Src/main.c:521:6:SystemClock_Config	96	static
../Core/Src/main.c:566:13:MX_ADC1_Init	32	static
../Core/Src/main.c:624:13:MX_I2C1_Init	8	static
../Core/Src/main.c:672:13:MX_TIM1_Init	112	static
../Core/Src/main.c:751:13:MX_TIM2_Init	64	static
../Core/Src/main.c:818:13:MX_TIM15_Init	40	static
../Core/Src/main.c:864:13:MX_GPIO_Init	40	static
../Core/Src/main.c:915:6:Error_Handler	4	static,ignoring_inline_asm
